Benchmarking Whitewool from original one-metre DTM
Loaded 48 sustained-profile candidates from the completed 10 m checkpoint
One-metre verification 5/67
One-metre verification 10/67
One-metre verification 15/67
One-metre verification 20/67
One-metre verification 25/67
One-metre verification 30/67
One-metre verification 35/67
One-metre verification 40/67
One-metre verification 45/67
One-metre verification 50/67
One-metre verification 55/67
One-metre verification 60/67
One-metre verification 65/67
One-metre verification 67/67
Obstacle/aviation proximity screen 1/6: Unnamed face near SU 726 254
Obstacle/aviation proximity screen 2/6: Unnamed face near TQ 107 488
Obstacle/aviation proximity screen 3/6: Unnamed face near SU 734 266
Obstacle/aviation proximity screen 4/6: Unnamed face near SU 717 248
Obstacle/aviation proximity screen 5/6: Unnamed face near SU 740 312
Obstacle/aviation proximity screen 6/6: Unnamed face near SU 724 190
COMPLETE analysis/four_marks_gis/output_v3
